<html>
<body>
<pre>
<h1>µVision Build Log</h1>
<h2>Tool Versions:</h2>
IDE-Version: •ÏVision V5.12.0.0
Copyright (C) 2014 ARM Ltd and ARM Germany GmbH. All rights reserved.
License Information: jooyul park, hanyang univ., LIC=YA3VE-5SQH3-I5ETC-7HNPE-M53IR-D0TX0
 
Tool Versions:
Toolchain:       MDK-ARM Standard  Version: 5.12.0.0
Toolchain Path:  C:\Keil_v5\ARM\ARMCC\Bin
C Compiler:      Armcc.exe V5.05 (build 41)
Assembler:       Armasm.exe V5.05 (build 41)
Linker/Locator:  ArmLink.exe V5.05 (build 41)
Library Manager: ArmAr.exe V5.05 (build 41)
Hex Converter:   FromElf.exe V5.05 (build 41)
CPU DLL:         SARMCM3.DLL V5.12.0.0
Dialog DLL:      DCM.DLL V1.13.0.0
Target DLL:      UL2CM3.DLL V1.153.0.0
Dialog DLL:      TCM.DLL V1.14.2.0
 
<h2>Project:</h2>
D:\05_Work\56_huins_stm\stm32cubef4\uBrain\project\01_GPIO\01_GPIO.uvproj
Project File Date:  12/20/2014

<h2>Output:</h2>
Rebuild target '01_GPIO'
compiling main.c...
SRC\main.c(233): warning:  #177-D: function "BSP_LED_Toggle" was declared but never referenced
  void BSP_LED_Toggle(Led_TypeDef Led)
SRC\main.c: 1 warning, 0 errors
compiling stm32f4xx_hal.c...
compiling stm32f4xx_hal_cortex.c...
compiling stm32f4xx_hal_gpio.c...
compiling stm32f4xx_hal_pwr.c...
compiling stm32f4xx_hal_pwr_ex.c...
compiling stm32f4xx_hal_rcc.c...
compiling stm32f4xx_hal_rcc_ex.c...
assembling startup_stm32f429xx.s...
compiling system_stm32f4xx.c...
linking...
Program Size: Code=6014 RO-data=486 RW-data=40 ZI-data=1024  
FromELF: creating hex file...
".\Objects\01_GPIO.axf" - 0 Error(s), 1 Warning(s).

<h2>Software Packages used:</h2>

Package Vendor: ARM
                http://www.keil.com/pack/ARM.CMSIS.4.2.0.pack
                ARM::CMSIS:CORE:3.40.0
                CMSIS (Cortex Microcontroller Software Interface Standard)
   * Component: CORE Version: 3.40.0

Package Vendor: Keil
                http://www.keil.com/pack/Keil.STM32F4xx_DFP.2.3.0.pack
                ::Device:STM32Cube Framework (API)
                STMicroelectronics STM32F4 Series Device Support, Drivers and Examples
   * Component: STM32Cube Framework Version: 
   * Component: Startup Version: 2.1.0
   * Component: Classic Version: 1.1.0
   * Component: Common Version: 1.1.0
   * Component: Cortex Version: 1.1.0
   * Component: GPIO Version: 1.1.0
   * Component: PWR Version: 1.1.0
   * Component: RCC Version: 1.1.0

<h2>Collection of Component include folders:</h2>
  D:\05_Work\56_huins_stm\stm32cubef4\uBrain\project\01_GPIO\RTE
  D:\05_Work\56_huins_stm\stm32cubef4\uBrain\project\01_GPIO\RTE\Device\STM32F429IITx
  C:\Keil_v5\ARM\PACK\ARM\CMSIS\4.2.0\CMSIS\Include
  C:\Keil_v5\ARM\PACK\Keil\STM32F4xx_DFP\2.3.0\Drivers\CMSIS\Device\ST\STM32F4xx\Include
  C:\Keil_v5\ARM\PACK\Keil\STM32F4xx_DFP\2.3.0\Drivers\STM32F4xx_HAL_Driver\Inc

<h2>Collection of Component Files used:</h2>

   * Component: ARM::CMSIS:CORE:3.40.0
      Source file:   CMSIS\UserCodeTemplates\ARM\ITM_Retarget.c

   * Component: ::Device:STM32Cube Framework (API)

   * Component: Keil::Device:Startup:2.1.0
      Source file:   MDK\Device\Source\ARM\STM32F42xxx_43xxx_OPT.s
      Source file:   MDK\Device\Source\ARM\STM32F4xx_OTP.s
      Include file:  Drivers\CMSIS\Device\ST\STM32F4xx\Include\stm32f4xx.h
      Source file:   Drivers\CMSIS\Device\ST\STM32F4xx\Source\Templates\arm\startup_stm32f429xx.s
      Source file:   MDK\Device\Source\ARM\system_stm32f4xx.c

   * Component: Keil::Device:STM32Cube Framework:Classic:1.1.0
      Include file:  CMSIS\Driver\Config\RTE_Device.h
      Include file:  MDK\Templates\Inc\stm32f4xx_hal_conf.h
      Source file:   MDK\Templates\Src\stm32f4xx_hal_msp.c
      Include file:  MDK\Templates\Inc\stm32f4xx_it.h
      Source file:   MDK\Templates\Src\stm32f4xx_it.c
      Include file:  MDK\Templates\Inc\main.h
      Source file:   MDK\Templates\Src\main.c

   * Component: Keil::Device:STM32Cube HAL:Common:1.1.0
      Include file:  Drivers\STM32F4xx_HAL_Driver\Inc\stm32f4xx_hal.h
      Source file:   Drivers\STM32F4xx_HAL_Driver\Src\stm32f4xx_hal.c

   * Component: Keil::Device:STM32Cube HAL:Cortex:1.1.0
      Source file:   Drivers\STM32F4xx_HAL_Driver\Src\stm32f4xx_hal_cortex.c

   * Component: Keil::Device:STM32Cube HAL:GPIO:1.1.0
      Source file:   Drivers\STM32F4xx_HAL_Driver\Src\stm32f4xx_hal_gpio.c

   * Component: Keil::Device:STM32Cube HAL:PWR:1.1.0
      Source file:   Drivers\STM32F4xx_HAL_Driver\Src\stm32f4xx_hal_pwr.c
      Source file:   Drivers\STM32F4xx_HAL_Driver\Src\stm32f4xx_hal_pwr_ex.c

   * Component: Keil::Device:STM32Cube HAL:RCC:1.1.0
      Source file:   Drivers\STM32F4xx_HAL_Driver\Src\stm32f4xx_hal_rcc.c
      Source file:   Drivers\STM32F4xx_HAL_Driver\Src\stm32f4xx_hal_rcc_ex.c
Load "D:\\05_Work\\56_huins_stm\\stm32cubef4\\uBrain\\project\\01_GPIO\\Objects\\01_GPIO.axf" 
Erase Done.
Programming Done.
Verify OK.
Application running ...
</pre>
</body>
</html>
