<html>
<body>
<pre>
<h1>킮ision Build Log</h1>
<h2>Tool Versions:</h2>
IDE-Version: μVision V5.18.0.0
Copyright (C) 2016 ARM Ltd and ARM Germany GmbH. All rights reserved.
License Information: - -, -, LIC=----
 
Tool Versions:
Toolchain:       MDK-Lite  Version: 5.18
Toolchain Path:  C:\Keil_v5\ARM\ARMCC\Bin
C Compiler:      Armcc.exe V5.06 update 1 (build 61)
Assembler:       Armasm.exe V5.06 update 1 (build 61)
Linker/Locator:  ArmLink.exe V5.06 update 1 (build 61)
Library Manager: ArmAr.exe V5.06 update 1 (build 61)
Hex Converter:   FromElf.exe V5.06 update 1 (build 61)
CPU DLL:         SARMCM3.DLL V5.18
Dialog DLL:      DCM.DLL V1.13.6.0
Target DLL:      UL2CM3.DLL V1.157.5.0
Dialog DLL:      TCM.DLL V1.14.8.0
 
<h2>Project:</h2>
C:\Users\NOTE\Desktop\Seon\대학교\4학년\4학년 1학기\임베디드소프트웨어\실습\07주차\Lab7_Motor\project\PWM(Encoder) & Ultrasnoic\MDK-ARM\Project.uvprojx
Project File Date:  04/22/2018

<h2>Output:</h2>
*** Using Compiler 'V5.06 update 1 (build 61)', folder: 'C:\Keil_v5\ARM\ARMCC\Bin'
Rebuild target 'PWM(Motor)'
compiling ts3510.c...
compiling stmpe1600.c...
compiling stmpe811.c...
compiling stm324x9i_eval_io.c...
compiling stm324x9i_eval.c...
compiling system_stm32f4xx.c...
compiling stm32f4xx_hal.c...
compiling stm32f4xx_hal_cortex.c...
compiling stm32f4xx_hal_dma_ex.c...
compiling stm32f4xx_hal_gpio.c...
compiling stm32f4xx_hal_dma.c...
compiling stm32f4xx_hal_pwr_ex.c...
compiling stm32f4xx_hal_i2c.c...
compiling stm32f4xx_hal_sram.c...
compiling stm32f4xx_hal_rcc.c...
compiling stm32f4xx_hal_tim.c...
compiling stm32f4xx_hal_tim_ex.c...
assembling startup_stm32f429xx.s...
compiling stm32f4xx_hal_uart.c...
compiling stm32f4xx_ll_fmc.c...
compiling stm32f4xx_hal_msp.c...
compiling main.c...
compiling list.c...
compiling stm32f4xx_it.c...
compiling queue.c...
compiling timers.c...
compiling tasks.c...
compiling cmsis_os.c...
compiling heap_4.c...
compiling port.c...
linking...
Program Size: Code=10280 RO-data=640 RW-data=140 ZI-data=1836  
FromELF: creating hex file...
".\output\PWM(Motor).axf" - 0 Error(s), 0 Warning(s).

<h2>Collection of Component include folders:</h2>
  C:\Users\NOTE\Desktop\Seon\대학교\4학년\4학년 1학기\임베디드소프트웨어\실습\07주차\Lab7_Motor\project\PWM(Encoder) & Ultrasnoic\MDK-ARM\RTE
  C:\Keil_v5\ARM\PACK\Keil\STM32F4xx_DFP\2.4.0\Drivers\CMSIS\Device\ST\STM32F4xx\Include

<h2>Collection of Component Files used:</h2>
Build Time Elapsed:  00:00:25
</pre>
</body>
</html>
